// Jest Snapshot v1, https://goo.gl/fbAQLP

exports[`App Snapshot Tests App snapshot test 1`] = `
<div
  className="App"
>
  <header
    className="App-header"
  >
    <img
      alt="logo"
      className="App-logo"
      src="logo.svg"
    />
    <label
      htmlFor="contained-button-file"
      id="file-select"
    >
      <input
        id="contained-button-file"
        onChange={[Function]}
        style={
          Object {
            "display": "none",
          }
        }
        type="file"
      />
      <span
        className="MuiButtonBase-root-27 MuiButton-root-1 MuiButton-contained-12 MuiButton-raised-15"
        onBlur={[Function]}
        onFocus={[Function]}
        onKeyDown={[Function]}
        onKeyUp={[Function]}
        onMouseDown={[Function]}
        onMouseLeave={[Function]}
        onMouseUp={[Function]}
        onTouchEnd={[Function]}
        onTouchMove={[Function]}
        onTouchStart={[Function]}
        role="button"
        tabIndex="0"
      >
        <span
          className="MuiButton-label-2"
        >
          Upload File
        </span>
        <span
          className="MuiTouchRipple-root-30"
        />
      </span>
    </label>
    <div
      id="container"
    >
      <button
        className="MuiButtonBase-root-27 MuiButton-root-1 MuiButton-contained-12 MuiButton-containedPrimary-13 MuiButton-raised-15 MuiButton-raisedPrimary-16"
        disabled={false}
        id="generate-json"
        onBlur={[Function]}
        onClick={[Function]}
        onFocus={[Function]}
        onKeyDown={[Function]}
        onKeyUp={[Function]}
        onMouseDown={[Function]}
        onMouseLeave={[Function]}
        onMouseUp={[Function]}
        onTouchEnd={[Function]}
        onTouchMove={[Function]}
        onTouchStart={[Function]}
        tabIndex="0"
        type="button"
      >
        <span
          className="MuiButton-label-2"
        >
          Generate JSON
        </span>
        <span
          className="MuiTouchRipple-root-30"
        />
      </button>
      <button
        className="MuiButtonBase-root-27 MuiButton-root-1 MuiButton-contained-12 MuiButton-containedPrimary-13 MuiButton-raised-15 MuiButton-raisedPrimary-16"
        disabled={false}
        id="generate-xml"
        onBlur={[Function]}
        onClick={[Function]}
        onFocus={[Function]}
        onKeyDown={[Function]}
        onKeyUp={[Function]}
        onMouseDown={[Function]}
        onMouseLeave={[Function]}
        onMouseUp={[Function]}
        onTouchEnd={[Function]}
        onTouchMove={[Function]}
        onTouchStart={[Function]}
        tabIndex="0"
        type="button"
      >
        <span
          className="MuiButton-label-2"
        >
          Generate XML
        </span>
        <span
          className="MuiTouchRipple-root-30"
        />
      </button>
    </div>
    <button
      className="MuiButtonBase-root-27 MuiButton-root-1 MuiButton-contained-12 MuiButton-containedSecondary-14 MuiButton-raised-15 MuiButton-raisedSecondary-17"
      disabled={false}
      id="clear-button"
      onBlur={[Function]}
      onClick={[Function]}
      onFocus={[Function]}
      onKeyDown={[Function]}
      onKeyUp={[Function]}
      onMouseDown={[Function]}
      onMouseLeave={[Function]}
      onMouseUp={[Function]}
      onTouchEnd={[Function]}
      onTouchMove={[Function]}
      onTouchStart={[Function]}
      tabIndex="0"
      type="button"
    >
      <span
        className="MuiButton-label-2"
      >
        Clear Data
      </span>
      <span
        className="MuiTouchRipple-root-30"
      />
    </button>
  </header>
  <div
    className="content-container"
  >
    <pre
      className="file-content"
      hidden={true}
      id="xml-file-content"
    >
      
    </pre>
    <pre
      className="file-content"
      hidden={true}
      id="json-file-content"
    >
      
    </pre>
  </div>
</div>
`;
